890694077
428139399
227194012
1
215666334
541441674
929242636
630838934
121452453
988092711
375779696
1
285607418
430065930
1
196479305
540023447
524621213
502094931
1
907790988
285669315
244644934
436459071
879095554
534514082
343173221
168656709
805951529
157714901
756438728
845728283
1
531441
925499409
541626146
33135048
542159280
171472938
467187954
391915362
128177279
256926000
517165594
231172150
855841187
189471593
154538832
390113061
617144486
36992996
655038752
1
243562831
970937056
948418340
842775365
574739521
1
231930061
860949620
608981596
707291026
26756019
87904886
565042129
557807243
105258991
37681161
257849309
300792274
877377200
1
1
1
1
763602687
635532488
677110412
501448606
464257211
1
826482184
260601508
590869125
368031549
435484666
1
