2081
2898
2706
2102
4078
3665
2992
2562
2173
2290
3028
2815
2184
3070
3053
2486
2161
2902
3867
2251
2229
2449
2131
2892
3823
3327
2498
2357
2062
2101
2358
2351
2247
2782
2255
3053
4048
2509
2497
2184
2815
3314
2570
2368
2413
2886
2064
2060
2099
2390
3575
2386
2452
2206
2109
2090
2117
3800
2098
2268
3061
3066
4081
2082
2504
2224
3967
2086
3052
3956
2105
2331
2077
2837
3035
3819
3588
2327
3668
2682
2287
2607
2158
2716
2904
2103
2404
2196
2413
2994
2517
2100
2473
3913
2942
2418
3543
2406
2137
3918
3841
3389
2478
2384
3780
3571
2398
2795
2729
2465
2560
3043
2318
3033
2275
3595
2060
2750
2409
2111
2492
3883
3035
2962
2854
2948
3024
2540
2068
2919
2963
3112
2438
2744
2585
2230
2165
2505
2677
4014
2894
2115
2776
3780
2141
3121
2095
2098
2864
3692
2282
2091
2071
2177
3463
2059
3140
4087
2061
2154
2090
2469
2491
3972
2166
2589
3155
2686
2249
2055
2274
2092
2247
2767
2125
2081
2389
3539
2366
2200
2722
3377
2389
2178
2072
2237
2101
2505
2780
3997
2083
2889
2423
3677
4124
2082
2637
3858
3525
2750
2164
2069
3450
2253
2295
3518
2214
2142
2076
2981
2241
2103
3329
2434
3653
2374
2846
3093
2300
2325
3850
2720
2145
2050
2050
2262
2250
2572
2595
2063
2057
2057
2778
4021
2328
3004
3608
2885
2085
2406
3184
3544
3924
2305
3387
2908
2119
2068
3399
2422
2680
2853
2264
2563
2412
3849
2113
2762
3880
2084
2096
2250
2398
2238
2777
3717
2348
3198
2128
2110
2977
2740
2127
2096
3744
2491
3347
2907
2340
2161
2197
2272
2199
2895
2850
2099
2590
3425
3835
2667
3473
3289
2654
2225
2960
2206
3297
3959
3647
2866
2823
2081
2049
2345
2102
3658
2124
2072
2271
3935
2540
2067
2427
3334
2847
2129
2234
4080
2327
3871
2119
3989
3680
2053
2328
2460
2937
3970
2286
2087
2782
2888
2085
2275
2343
4046
2083
3046
3586
2077
2365
2274
3263
3252
2239
2882
2112
2773
2838
3584
3785
2439
3070
2594
2465
2407
2837
2299
2193
2094
2458
2194
2584
2931
2408
2084
2053
3514
3253
2626
2512
2292
2725
3288
2102
3961
3099
3084
2470
2498
3260
2433
2392
2202
2440
2697
2298
2467
2288
2344
2332
3040
2116
2642
2303
2132
2098
3596
2262
3057
2475
2513
2942
3741
2680
2933
2763
2162
2830
2897
3971
2177
2347
2384
4033
3165
2500
2797
2917
2797
2737
2187
2085
3382
2063
2057
2567
2450
2072
2192
3029
2103
2526
2194
2776
2110
2314
2121
3819
2114
2205
2158
2290
2082
2104
3059
2818
2731
2682
2800
2981
2164
2524
2281
4088
3136
2455
2160
2163
3316
2081
3267
3774
3212
3721
2669
2267
2250
2142
2123
3511
2262
2629
3501
3566
2487
2799
3451
3974
2125
2628
2078
2220
2440
2847
3534
2705
2151
2838
2077
2888
2805
2160
2888
3513
2123
2198
2515
2908
2975
