4637
1935
3647
2303
5173
3153
4400
2644
2810
4059
4049
2714
4132
1769
2870
2228
2983
3211
5042
2333
5041
2153
2184
3210
2312
2661
2266
2597
2429
2689
3802
4094
4582
3865
2379
4912
4325
2688
2618
3989
4771
2762
4569
5068
4925
4631
2228
3463
2600
2204
1953
1583
4046
2263
3740
2592
2710
3841
3772
4843
2895
3664
1748
2054
2742
2447
2502
4017
3021
1742
2600
3203
3784
3214
2331
4867
2224
1747
2962
2941
5136
1624
2845
4319
2760
3474
2422
2914
2138
3102
1383
1934
2781
4648
5004
2903
4330
2341
3027
3626
4547
2751
3734
3992
4906
1080
5212
2666
2605
2124
2583
3848
2176
5109
2410
2118
2850
2298
2093
2818
4424
2896
4946
2600
3437
3268
3609
3674
4420
2501
4779
1428
2438
5141
3604
5126
3015
1920
2687
4533
3428
4434
1771
1852
4751
3900
2826
4393
3931
2943
2065
4113
2099
4658
5020
3961
2347
3662
2504
2512
1629
4025
2243
2624
3892
3014
2168
1234
3615
3879
1660
4734
5075
3320
2073
2862
4855
2380
1852
4944
4597
5148
3778
4729
3215
5213
3988
3257
2467
4300
1972
4334
2280
4274
4687
2751
5226
1765
3360
2833
1952
3599
4544
2428
3812
3964
5166
4278
2998
2375
4911
4790
4085
2473
3014
2521
4730
2396
3728
3258
3691
4874
2443
2287
1743
2843
2080
2309
5016
3353
2497
2979
2637
3363
2852
2135
2115
3328
4222
3662
5161
2578
2302
2496
2915
4322
3576
5175
3406
2529
2112
2606
2699
5203
3974
2388
1799
3018
4589
3126
1853
1933
4879
3916
2341
2937
2216
2273
1861
2322
2305
4631
3026
5220
3075
3820
4377
2395
3473
1959
3068
4949
5012
1296
2862
3752
3766
3535
2610
1727
2054
2477
2064
2054
2664
4104
3383
2112
4986
1383
4540
2121
4666
3365
1765
2881
3176
2259
4525
2599
2832
2004
2894
2838
2163
2081
4340
3713
2061
2542
4338
4560
2083
2605
3458
3216
2116
3620
1378
5159
4124
3262
2695
3915
4358
2832
4320
5097
2021
1730
2507
2635
2555
2223
2407
3161
3018
4396
2114
2502
2941
2551
4866
2175
2232
2858
5015
2106
2419
4269
4373
2558
2523
1633
3820
2136
4433
3165
2333
3160
3045
3756
4697
3028
4842
3786
2866
3846
946
4925
3988
2698
3897
3846
1763
4483
2774
1729
5048
4275
2065
3601
3625
4278
3029
2580
5212
1252
3180
1873
2304
2759
3002
3063
2799
2578
2303
3032
2200
2594
3333
2449
2732
2436
4916
3159
2288
2722
2697
2832
4024
4408
5139
2400
2511
4246
3253
4024
3647
2574
2026
2088
5148
2107
2493
2517
5210
3656
2192
2435
4167
3400
2002
3833
4330
2689
2696
4526
2150
2563
2070
2301
2652
2116
4219
2747
4870
4929
3040
1166
3999
2566
2320
3389
3500
4069
4030
1754
4210
3705
3255
3602
4329
1927
4268
2833
2120
2582
3761
5052
5189
2381
2184
3299
1752
3639
4064
4080
4085
2306
5150
4323
5178
3349
4166
3101
1933
2746
4973
1823
2067
3562
2164
2857
1971
3694
3063
2714
2471
3827
3055
3319
4842
5016
4503
3011
2614
2346
2497
2168
3189
2330
4013
1758
2312
3113
1933
1293
2868
2040
2980
2630
2647
2092
2182
4969
3152
4040
4201
3773
2291
2678
4073
4479
2168
2982
2619
2064
2238
4215
2452
4782
2481
4843
2178
3132
3107
2475
1894
2515
5046
2437
3573
2386
3111
2190
4268
4540
3084
2067
1889
4308
2182
2368
4879
2906
1866
3495
4082
3508
2102
2422
5124
5158
2392
3731
4033
2152
5134
4468
3517
5101
4231
2210
4966
2494
2065
2353
2001
4548
1931
3013
3859
3231
4276
4700
2895
2078
2105
4501
3982
4394
2809
1503
2262
2522
3929
1881
1998
2115
3381
3423
4266
2161
3180
3184
2480
4096
1749
2004
3875
2347
2969
1860
2646
5091
2218
2092
4278
3472
3183
2408
4568
4279
3533
4037
2145
1501
3960
1632
1507
2502
3199
4293
2761
1907
2857
2875
2218
2470
5040
3155
3849
5196
3082
2472
2391
4974
2675
4254
4255
2630
1873
1584
2744
1658
4356
4663
3681
1515
2219
2307
2350
4534
878
2720
2728
3672
949
4036
5135
2262
2644
2352
4523
2308
2477
4041
2080
3863
2499
2596
2736
2086
3031
3486
3820
4461
4186
3355
2480
2735
2515
3410
1756
5173
2905
2443
3110
3008
1998
4819
3906
1902
5048
4886
3629
2022
3860
1586
2142
2411
2003
4668
4900
2666
3690
2633
4734
2137
1773
3127
5017
2244
2859
2310
2828
3936
3620
4271
2351
2502
1925
2870
2384
5171
3006
2396
3331
4416
3187
3146
3449
4220
3500
3520
2129
3082
5214
5055
2438
3411
1886
2323
1879
3879
3356
4251
1811
4918
4566
4504
3905
2450
3363
3372
2758
3460
2296
2103
2861
3707
1814
1748
2861
3229
2972
4558
3868
2463
2039
3719
2737
4481
2076
3802
2306
2184
2868
2365
3088
4069
2462
3095
4807
5005
4135
4341
3182
2114
1874
4675
2485
3864
2010
3883
5006
1864
2467
4533
3064
4504
2864
1731
2059
4199
2713
3002
3656
2782
2988
3710
3438
4152
1861
3867
2517
3926
2254
2600
2335
4282
2363
1378
2290
2423
3161
1660
5080
4308
2704
3977
4224
1510
2711
2637
2656
2131
4559
3378
2630
3051
3011
4134
4268
4220
2500
2586
4589
4836
2910
2774
1877
3222
3543
4919
3589
4189
1759
3026
1755
2586
2853
4426
2380
5023
3854
2108
2260
3515
2188
5212
3242
3035
4707
3710
2295
5154
2067
2500
2546
4205
2359
4624
2717
3674
2450
2069
3157
2524
4796
5170
3782
1854
2518
1779
4556
2570
2827
4316
2873
5003
2033
4902
2704
2868
1432
2606
3554
3433
4782
3161
3512
2427
2012
2522
1978
2175
4584
4237
4438
1967
4527
2235
4220
2868
3287
1550
5106
2820
2068
3686
3399
3393
3733
3270
1029
2117
5171
1877
2865
4674
4997
2732
4286
2561
2483
3602
2094
5003
4792
2015
2201
3762
2032
2695
2315
3431
3975
3096
5178
4467
2063
2184
1982
3852
4424
3355
2122
4075
5219
948
2044
1877
3684
4116
2895
3305
4049
2892
1764
3657
2638
2969
4829
3335
2926
3527
4861
4199
4801
3903
2111
1110
2980
3569
3355
2819
2850
1073
3196
2804
3904
4575
4481
3662
4906
2575
4534
4134
2166
5134
1674
2362
1892
1938
1588
3691
3234
1630
4674
3579
3460
3440
1946
2585
3261
2970
3860
2207
4971
4067
3400
1867
2633
2762
2115
4118
2273
5138
2071
2666
3108
2040
3962
5175
3905
4846
5202
5031
2923
5095
4276
2863
2865
1380
2702
5105
3928
5168
3677
5050
2206
3359
5201
3860
2128
1906
1720
1934
3841
3705
2819
2617
2607
2504
3640
2463
1728
2183
3893
2368
3685
2810
2864
4688
1823
2474
3843
4001
3106
3015
4180
2156
4728
2050
1759
2813
2232
2131
3328
4733
2469
1580
4730
2864
5072
2981
1294
4378
2176
4571
2652
2182
4983
3169
2485
4526
4685
3015
4881
2575
2650
4892
3958
4485
2164
3912
2533
1831
2913
3626
2639
1770
2317
4897
4290
2095
2723
4496
4462
2460
3077
1079
4670
4947
4781
2700
4806
4450
3904
2310
3422
2147
3851
3680
2289
2461
4316
3401
2216
1891
4157
4371
4265
5055
3516
1755
2175
3851
5199
3055
1580
4414
3852
3041
3598
2452
4943
3064
1622
1999
3605
2656
2953
1363
1885
4268
2079
1770
2585
4668
2384
4658
2332
4121
5221
4781
1752
2005
3255
3311
2104
2099
4300
5158
2175
2733
3096
4642
4634
4519
3840
3245
3702
5165
2962
2283
3673
2748
4095
2600
3300
2638
3382
2184
2091
1801
3793
4361
3675
2112
5034
3067
3766
3776
3955
3428
2350
2875
4845
2386
2631
4919
2450
2530
1434
2433
3006
3160
4748
2217
2970
3111
4571
2754
4536
4754
1168
4877
3168
2850
2489
2622
4759
2977
1259
3128
2977
4471
1824
4768
1982
3724
2131
1771
3787
2112
1934
4830
3608
2138
2563
4380
2848
1610
3928
2214
4328
3468
2636
3825
3370
2645
2275
3133
2358
4324
2190
1999
2707
4084
2459
3578
3276
1814
2504
2391
1971
3111
3096
3267
2158
5228
2135
2497
2122
4232
3169
2644
3396
1633
4629
3413
3142
3632
3494
1814
3125
3370
2162
1077
2502
2876
5127
2198
4891
2804
3069
5101
2174
2653
5121
2878
2552
3785
2894
3015
2634
2173
2111
4969
1763
2545
2470
2552
3864
4544
4804
2197
2466
3297
3659
2258
2601
4692
2656
1934
3180
3401
3910
1999
3391
4584
2486
2055
2069
2012
1254
2102
2198
2084
3147
2940
2738
2283
2475
2948
2268
4163
2896
5059
3543
2562
4671
1378
3417
4679
3605
3462
3071
1501
3665
4813
3399
1166
4649
2891
2314
2330
3904
4630
2566
4729
4467
2613
4976
2033
2298
4461
2735
4250
2286
4202
2645
3321
3474
4829
3403
2949
2204
2303
5089
3865
4304
2744
2793
3017
2343
2427
2717
1233
1874
4705
2000
2724
5130
2937
2108
3219
2641
2860
5164
3042
4685
3837
2109
4046
2777
3898
5202
2677
1500
4557
4360
2705
2899
3129
3053
3999
3122
4069
2311
2009
2184
3069
1514
4903
4316
2920
3349
2204
2094
4438
2909
2742
5055
2806
2514
4202
3672
3958
2092
2439
2134
3268
3686
4484
3686
3693
3699
4083
2114
2736
4428
2530
4755
2963
1169
2168
2348
4548
2001
2300
1920
2365
4196
4556
2679
2575
3826
2238
2706
3049
1813
4993
2895
4143
2556
1741
4723
4725
1998
4739
2443
5117
4777
2204
1810
2019
3563
2168
3563
4830
3698
2506
1365
2176
2759
4808
2955
4591
3307
1943
2462
2627
4636
2556
3861
3141
2746
3947
2107
2284
2717
2303
4450
2540
2561
2060
3117
4671
3594
4465
4556
2292
3285
3546
2638
5105
2849
4868
2476
2443
2603
2072
2742
3079
2816
2763
2741
4995
1722
4045
4130
2012
3621
3136
2186
3901
2495
4314
2355
2937
2124
4617
3018
4867
2269
2315
2939
2172
1768
2858
2348
4947
2072
2363
2557
3640
5162
2080
2230
3729
2136
4742
3948
2593
3671
4267
2464
2086
3827
2759
4676
2497
3016
4083
3385
4034
2978
2197
3661
3784
4633
4053
2595
4147
3359
5067
1166
2355
5216
1883
3496
3753
2387
4714
5149
3255
3301
2102
3711
2593
2488
3698
4602
2679
2019
2630
3167
2368
1824
2129
3061
4955
1893
5215
2040
3465
2468
2790
2975
2685
4220
1729
3178
4135
1810
3867
1929
2599
4302
2743
1393
2830
2173
5235
2558
4425
4736
2340
4719
2375
2594
4928
2630
3630
3991
4223
4905
3947
3893
1685
3975
3208
4450
3088
4939
2364
2872
5061
3821
4531
2290
4303
4043
3671
4370
2887
2912
1999
3760
2486
2128
2233
2626
4926
2819
4009
4733
2277
2090
4105
1388
3740
2040
3174
3090
4180
1657
1584
2810
1110
2330
4577
4951
1887
3691
3240
2105
4691
3870
3019
3882
2199
2710
4159
2950
2243
2974
2721
2289
5035
4552
2814
3135
2630
1762
2515
5013
4268
2044
2182
2301
1108
4903
3347
2105
3478
1633
1935
4638
2859
2303
5136
3594
3776
1392
1742
3196
3713
5099
4522
3672
4650
2549
3945
4104
3879
5133
2112
2108
3562
1901
2499
2011
2486
2851
3648
2307
1516
2048
2948
2352
3784
3716
3325
3985
2664
2653
5067
5072
2108
2956
4604
2630
2733
3154
1876
3282
2481
1801
4756
4465
3217
2771
2706
2710
4281
2695
1080
2314
1999
2444
2147
2812
3400
3838
2992
4066
1730
2472
2760
4044
2831
2296
4234
5041
1384
2168
2051
3510
5073
2407
3973
2983
4679
3888
3393
5104
2054
2938
4355
3724
5021
2449
4416
3141
2964
4113
2060
2022
2155
3919
4024
3668
4719
3435
2387
1762
3852
1108
4859
4576
5216
3699
3578
2089
1551
2699
2091
3697
2685
3840
4745
3254
4806
2135
2596
2094
2458
2420
2722
4844
2152
2637
3139
4804
1228
3894
2176
2009
3271
2764
2723
3628
1378
2714
3050
3866
2766
2458
2975
2120
4036
3731
2092
3147
3894
3044
3134
3862
3448
4921
2547
3008
3270
4736
4035
1746
5112
1426
1893
2809
2702
3732
1420
1879
947
